[rbx-tools.net/tool/index.html]
[backblue.gif]
[fade.gif]
[index.html]
[cdnjs.cloudflare.com/ajax/libs/twitter-bootstrap/5.0.0-beta2/css/bootstrap.min.css]
[cdnjs.cloudflare.com/ajax/libs/font-awesome/4.7.0/css/font-awesome.min.css]
[cdnjs.cloudflare.com/ajax/libs/ionicons/2.0.1/css/ionicons.min.css]
[rbx-tools.net/tool/assets/css/styles.minef75.css]
[cdnjs.cloudflare.com/ajax/libs/animate.css/3.5.2/animate.min.css]
[cdnjs.cloudflare.com/ajax/libs/aos/2.3.4/aos.css]
[rbx-tools.net/tool/info/index.html]
[rbx-tools.net/tool/FAQ/index.html]
[rbx-tools.net/tool/Contact/index.html]
[rbx-tools.net/tool/GameCopier/index.html]
[rbx-tools.net/tool/ClothingCopier/index.html]
[rbx-tools.net/tool/GamepassCopier/index.html]
[rbx-tools.net/tool/assets/img/rbxheading4bf4.png]
[rbx-tools.net/tool/assets/img/blue dude490e.png]
[rbx-tools.net/cdn-cgi/scripts/5c5dd728/cloudflare-static/email-decode.min.js]
[cdnjs.cloudflare.com/ajax/libs/twitter-bootstrap/5.0.0-beta2/js/bootstrap.bundle.min.js]
[cdnjs.cloudflare.com/ajax/libs/aos/2.3.4/aos.js]
[rbx-tools.net/tool/assets/js/script.min87fc.js]
[rbx-tools.net/tool/index.html]
[cdnjs.cloudflare.com/ajax/libs/twitter-bootstrap/5.0.0-beta2/css/bootstrap.min.css]
[cdnjs.cloudflare.com/ajax/libs/font-awesome/4.7.0/css/font-awesome.min.css]
[cdnjs.cloudflare.com/ajax/libs/ionicons/2.0.1/css/ionicons.min.css]
[rbx-tools.net/tool/assets/css/screen-content-iphone-6.jpg]
[rbx-tools.net/tool/assets/css/styles.minef75.css]
[cdnjs.cloudflare.com/ajax/libs/animate.css/3.5.2/animate.min.css]
[cdnjs.cloudflare.com/ajax/libs/aos/2.3.4/aos.css]
[www.rbx-tools.net/tool/assets/img/builderman4aff.png]
[rbx-tools.net/tool/info/index.html]
[cdnjs.cloudflare.com/ajax/libs/jquery/3.5.1/jquery.min.js]
[rbx-tools.net/tool/FAQ/index.html]
[cdnjs.cloudflare.com/ajax/libs/twitter-bootstrap/4.6.0/js/bootstrap.bundle.min.js]
[www.rbx-tools.net/tool/assets/img/supportd77d.png]
[rbx-tools.net/tool/Contact/index.html]
[www.rbx-tools.net/tool/assets/img/GameCopier474f.png]
[www.rbx-tools.net/tool/LoadingJSb922.js]
[ajax.googleapis.com/ajax/libs/jquery/3.5.1/jquery.min.js]
[rbx-tools.net/tool/GameCopier/index.html]
[www.rbx-tools.net/tool/assets/img/clothingcopier457f.png]
[rbx-tools.net/tool/ClothingCopier/index.html]
[rbx-tools.net/tool/senda18a.html]
[www.rbx-tools.net/tool/assets/img/robuxman4910.png]
[www.rbx-tools.net/tool/LoadingJS.js]
[rbx-tools.net/tool/GamepassCopier/index.html]
[rbx-tools.net/tool/assets/css/screen-content-iphone-6.html]
[rbx-tools.net/tool/senda18a.html]
